---
http_interactions:
- request:
    method: post
    uri: http://<API_ENDPOINT>:9000/api/case
    body:
      encoding: UTF-8
      string: '{"title":"test","description":"test"}'
    headers:
      Accept-Encoding:
      - gzip;q=1.0,deflate;q=0.6,identity;q=0.3
      Accept:
      - "*/*"
      User-Agent:
      - Ruby
      Host:
      - "<API_ENDPOINT>:9000"
      Content-Type:
      - application/json
      Authorization:
      - Bearer <API_KEY>
  response:
    status:
      code: 201
      message: Created
    headers:
      Request-Time:
      - '539'
      Date:
      - Sun, 21 Mar 2021 05:11:54 GMT
      Content-Type:
      - application/json
      Content-Length:
      - '559'
    body:
      encoding: UTF-8
      string: '{"_id":"~69776","id":"~69776","createdBy":"test@example.com","updatedBy":null,"createdAt":1616303514094,"updatedAt":null,"_type":"case","caseId":18,"title":"test","description":"test","severity":2,"startDate":1616303514019,"endDate":null,"impactStatus":null,"resolutionStatus":null,"tags":[],"flag":false,"tlp":2,"pap":2,"status":"Open","summary":null,"owner":"test@example.com","customFields":{},"stats":{},"permissions":["manageShare","manageAnalyse","manageTask","manageCase","managePage","manageObservable","manageAlert","accessTheHiveFS","manageAction"]}'
  recorded_at: Sun, 21 Mar 2021 05:11:54 GMT
- request:
    method: post
    uri: http://<API_ENDPOINT>:9000/api/case/~69776/artifact
    body:
      encoding: UTF-8
      string: '{"data":"example.com","dataType":"domain","message":"test"}'
    headers:
      Accept-Encoding:
      - gzip;q=1.0,deflate;q=0.6,identity;q=0.3
      Accept:
      - "*/*"
      User-Agent:
      - Ruby
      Host:
      - "<API_ENDPOINT>:9000"
      Content-Type:
      - application/json
      Authorization:
      - Bearer <API_KEY>
  response:
    status:
      code: 201
      message: Created
    headers:
      Request-Time:
      - '481'
      Date:
      - Sun, 21 Mar 2021 05:11:55 GMT
      Content-Type:
      - application/json
      Content-Length:
      - '267'
    body:
      encoding: UTF-8
      string: '[{"_id":"~73872","id":"~73872","createdBy":"test@example.com","createdAt":1616303514645,"_type":"case_artifact","dataType":"domain","data":"example.com","startDate":1616303514645,"tlp":2,"tags":[],"ioc":false,"sighted":false,"message":"test","reports":{},"stats":{}}]'
  recorded_at: Sun, 21 Mar 2021 05:11:55 GMT
- request:
    method: get
    uri: http://<API_ENDPOINT>:9000/api/case/artifact/~73872
    body:
      encoding: US-ASCII
      string: ''
    headers:
      Accept-Encoding:
      - gzip;q=1.0,deflate;q=0.6,identity;q=0.3
      Accept:
      - "*/*"
      User-Agent:
      - Ruby
      Host:
      - "<API_ENDPOINT>:9000"
      Authorization:
      - Bearer <API_KEY>
  response:
    status:
      code: 200
      message: OK
    headers:
      Request-Time:
      - '21'
      Date:
      - Sun, 21 Mar 2021 05:11:55 GMT
      Content-Type:
      - application/json
      Content-Length:
      - '265'
    body:
      encoding: UTF-8
      string: '{"_id":"~73872","id":"~73872","createdBy":"test@example.com","createdAt":1616303514645,"_type":"case_artifact","dataType":"domain","data":"example.com","startDate":1616303514645,"tlp":2,"tags":[],"ioc":false,"sighted":false,"message":"test","reports":{},"stats":{}}'
  recorded_at: Sun, 21 Mar 2021 05:11:55 GMT
recorded_with: VCR 6.0.0
